[INFO] Scanning for projects...
[INFO] 
[INFO] --------------------< com.meritdata.mdm:codecenter >--------------------
[INFO] Building codecenter 0.1.0
[INFO]   from pom.xml
[INFO] --------------------------------[ jar ]---------------------------------
[INFO] 
[INFO] --- dependency:3.8.1:tree (default-cli) @ codecenter ---
[INFO] com.meritdata.mdm:codecenter:jar:0.1.0
[INFO] +- org.springframework.boot:spring-boot-starter-web:jar:3.5.16:compile
[INFO] |  +- org.springframework.boot:spring-boot-starter:jar:3.5.16:compile
[INFO] |  |  +- org.springframework.boot:spring-boot:jar:3.5.16:compile
[INFO] |  |  +- org.springframework.boot:spring-boot-autoconfigure:jar:3.5.16:compile
[INFO] |  |  +- org.springframework.boot:spring-boot-starter-logging:jar:3.5.16:compile
[INFO] |  |  |  +- ch.qos.logback:logback-classic:jar:1.5.34:compile
[INFO] |  |  |  |  \- ch.qos.logback:logback-core:jar:1.5.34:compile
[INFO] |  |  |  +- org.apache.logging.log4j:log4j-to-slf4j:jar:2.24.3:compile
[INFO] |  |  |  |  \- org.apache.logging.log4j:log4j-api:jar:2.24.3:compile
[INFO] |  |  |  \- org.slf4j:jul-to-slf4j:jar:2.0.18:compile
[INFO] |  |  +- jakarta.annotation:jakarta.annotation-api:jar:2.1.1:compile
[INFO] |  |  \- org.yaml:snakeyaml:jar:2.4:compile
[INFO] |  +- org.springframework.boot:spring-boot-starter-json:jar:3.5.16:compile
[INFO] |  |  +- com.fasterxml.jackson.core:jackson-databind:jar:2.21.4:compile
[INFO] |  |  |  +- com.fasterxml.jackson.core:jackson-annotations:jar:2.21:compile
[INFO] |  |  |  \- com.fasterxml.jackson.core:jackson-core:jar:2.21.4:compile
[INFO] |  |  +- com.fasterxml.jackson.datatype:jackson-datatype-jdk8:jar:2.21.4:compile
[INFO] |  |  +- com.fasterxml.jackson.datatype:jackson-datatype-jsr310:jar:2.21.4:compile
[INFO] |  |  \- com.fasterxml.jackson.module:jackson-module-parameter-names:jar:2.21.4:compile
[INFO] |  +- org.springframework.boot:spring-boot-starter-tomcat:jar:3.5.16:compile
[INFO] |  |  +- org.apache.tomcat.embed:tomcat-embed-core:jar:10.1.55:compile
[INFO] |  |  \- org.apache.tomcat.embed:tomcat-embed-websocket:jar:10.1.55:compile
[INFO] |  +- org.springframework:spring-web:jar:6.2.19:compile
[INFO] |  |  \- org.springframework:spring-beans:jar:6.2.19:compile
[INFO] |  \- org.springframework:spring-webmvc:jar:6.2.19:compile
[INFO] |     +- org.springframework:spring-context:jar:6.2.19:compile
[INFO] |     \- org.springframework:spring-expression:jar:6.2.19:compile
[INFO] +- org.springframework.boot:spring-boot-starter-data-jpa:jar:3.5.16:compile
[INFO] |  +- org.springframework.boot:spring-boot-starter-jdbc:jar:3.5.16:compile
[INFO] |  |  +- com.zaxxer:HikariCP:jar:6.3.3:compile
[INFO] |  |  \- org.springframework:spring-jdbc:jar:6.2.19:compile
[INFO] |  +- org.hibernate.orm:hibernate-core:jar:6.6.53.Final:compile
[INFO] |  |  +- jakarta.persistence:jakarta.persistence-api:jar:3.1.0:compile
[INFO] |  |  +- jakarta.transaction:jakarta.transaction-api:jar:2.0.1:compile
[INFO] |  |  +- org.jboss.logging:jboss-logging:jar:3.6.3.Final:compile
[INFO] |  |  +- org.hibernate.common:hibernate-commons-annotations:jar:7.0.3.Final:runtime
[INFO] |  |  +- io.smallrye:jandex:jar:3.2.0:runtime
[INFO] |  |  +- com.fasterxml:classmate:jar:1.7.3:compile
[INFO] |  |  +- net.bytebuddy:byte-buddy:jar:1.17.8:runtime
[INFO] |  |  +- org.glassfish.jaxb:jaxb-runtime:jar:4.0.9:runtime
[INFO] |  |  |  \- org.glassfish.jaxb:jaxb-core:jar:4.0.9:runtime
[INFO] |  |  |     +- org.eclipse.angus:angus-activation:jar:2.0.3:runtime
[INFO] |  |  |     +- org.glassfish.jaxb:txw2:jar:4.0.9:runtime
[INFO] |  |  |     \- com.sun.istack:istack-commons-runtime:jar:4.1.2:runtime
[INFO] |  |  +- jakarta.inject:jakarta.inject-api:jar:2.0.1:runtime
[INFO] |  |  \- org.antlr:antlr4-runtime:jar:4.13.2:compile
[INFO] |  +- org.springframework.data:spring-data-jpa:jar:3.5.13:compile
[INFO] |  |  +- org.springframework.data:spring-data-commons:jar:3.5.13:compile
[INFO] |  |  +- org.springframework:spring-orm:jar:6.2.19:compile
[INFO] |  |  \- org.springframework:spring-tx:jar:6.2.19:compile
[INFO] |  \- org.springframework:spring-aspects:jar:6.2.19:compile
[INFO] +- org.springframework.boot:spring-boot-starter-data-redis:jar:3.5.16:compile
[INFO] |  +- io.lettuce:lettuce-core:jar:6.6.0.RELEASE:compile
[INFO] |  |  +- redis.clients.authentication:redis-authx-core:jar:0.1.1-beta2:compile
[INFO] |  |  +- io.netty:netty-common:jar:4.1.135.Final:compile
[INFO] |  |  +- io.netty:netty-handler:jar:4.1.135.Final:compile
[INFO] |  |  |  +- io.netty:netty-resolver:jar:4.1.135.Final:compile
[INFO] |  |  |  +- io.netty:netty-buffer:jar:4.1.135.Final:compile
[INFO] |  |  |  +- io.netty:netty-transport-native-unix-common:jar:4.1.135.Final:compile
[INFO] |  |  |  \- io.netty:netty-codec:jar:4.1.135.Final:compile
[INFO] |  |  +- io.netty:netty-transport:jar:4.1.135.Final:compile
[INFO] |  |  \- io.projectreactor:reactor-core:jar:3.7.19:compile
[INFO] |  |     \- org.reactivestreams:reactive-streams:jar:1.0.4:compile
[INFO] |  \- org.springframework.data:spring-data-redis:jar:3.5.13:compile
[INFO] |     +- org.springframework.data:spring-data-keyvalue:jar:3.5.13:compile
[INFO] |     \- org.springframework:spring-oxm:jar:6.2.19:compile
[INFO] +- org.springframework.boot:spring-boot-starter-validation:jar:3.5.16:compile
[INFO] |  +- org.apache.tomcat.embed:tomcat-embed-el:jar:10.1.55:compile
[INFO] |  \- org.hibernate.validator:hibernate-validator:jar:8.0.3.Final:compile
[INFO] |     \- jakarta.validation:jakarta.validation-api:jar:3.0.2:compile
[INFO] +- org.springframework.boot:spring-boot-starter-actuator:jar:3.5.16:compile
[INFO] |  +- org.springframework.boot:spring-boot-actuator-autoconfigure:jar:3.5.16:compile
[INFO] |  |  \- org.springframework.boot:spring-boot-actuator:jar:3.5.16:compile
[INFO] |  +- io.micrometer:micrometer-observation:jar:1.15.12:compile
[INFO] |  |  \- io.micrometer:micrometer-commons:jar:1.15.12:compile
[INFO] |  \- io.micrometer:micrometer-jakarta9:jar:1.15.12:compile
[INFO] |     \- io.micrometer:micrometer-core:jar:1.15.12:compile
[INFO] |        +- org.hdrhistogram:HdrHistogram:jar:2.2.2:runtime
[INFO] |        \- org.latencyutils:LatencyUtils:jar:2.0.3:runtime
[INFO] +- org.springframework.boot:spring-boot-starter-aop:jar:3.5.16:compile
[INFO] |  +- org.springframework:spring-aop:jar:6.2.19:compile
[INFO] |  \- org.aspectj:aspectjweaver:jar:1.9.25.1:compile
[INFO] +- org.springframework.boot:spring-boot-starter-cache:jar:3.5.16:compile
[INFO] |  \- org.springframework:spring-context-support:jar:6.2.19:compile
[INFO] +- com.mysql:mysql-connector-j:jar:9.7.0:runtime
[INFO] +- com.h2database:h2:jar:2.3.232:runtime
[INFO] +- me.ahoo.cosid:cosid-spring-boot-starter:jar:2.9.9:compile
[INFO] |  +- me.ahoo.cosid:cosid-core:jar:2.9.9:compile
[INFO] |  +- com.google.guava:guava:jar:33.3.1-jre:runtime
[INFO] |  |  +- com.google.guava:failureaccess:jar:1.0.2:runtime
[INFO] |  |  +- com.google.guava:listenablefuture:jar:9999.0-empty-to-avoid-conflict-with-guava:runtime
[INFO] |  |  +- com.google.code.findbugs:jsr305:jar:3.0.2:runtime
[INFO] |  |  +- org.checkerframework:checker-qual:jar:3.43.0:runtime
[INFO] |  |  \- com.google.j2objc:j2objc-annotations:jar:3.0.0:runtime
[INFO] |  \- org.slf4j:slf4j-api:jar:2.0.18:compile
[INFO] +- me.ahoo.cosid:cosid-jdbc:jar:2.9.9:compile
[INFO] +- com.googlecode.aviator:aviator:jar:5.3.0:compile
[INFO] +- org.apache.groovy:groovy:jar:4.0.32:compile
[INFO] +- com.github.ben-manes.caffeine:caffeine:jar:3.2.4:compile
[INFO] |  +- org.jspecify:jspecify:jar:1.0.0:compile
[INFO] |  \- com.google.errorprone:error_prone_annotations:jar:2.49.0:compile
[INFO] +- cn.hutool:hutool-all:jar:5.8.40:compile
[INFO] +- io.micrometer:micrometer-tracing-bridge-brave:jar:1.5.12:compile
[INFO] |  +- io.micrometer:micrometer-tracing:jar:1.5.12:compile
[INFO] |  |  +- io.micrometer:context-propagation:jar:1.1.4:compile
[INFO] |  |  \- aopalliance:aopalliance:jar:1.0:compile
[INFO] |  +- io.zipkin.brave:brave:jar:6.1.0:compile
[INFO] |  +- io.zipkin.brave:brave-context-slf4j:jar:6.1.0:compile
[INFO] |  +- io.zipkin.brave:brave-instrumentation-http:jar:6.1.0:compile
[INFO] |  +- io.zipkin.aws:brave-propagation-aws:jar:1.3.0:compile
[INFO] |  \- io.zipkin.contrib.brave-propagation-w3c:brave-propagation-tracecontext:jar:0.2.0:compile
[INFO] +- io.zipkin.reporter2:zipkin-reporter-brave:jar:3.5.3:compile
[INFO] |  \- io.zipkin.reporter2:zipkin-reporter:jar:3.5.3:compile
[INFO] +- org.springdoc:springdoc-openapi-starter-webmvc-ui:jar:2.6.0:compile
[INFO] |  +- org.springdoc:springdoc-openapi-starter-webmvc-api:jar:2.6.0:compile
[INFO] |  |  \- org.springdoc:springdoc-openapi-starter-common:jar:2.6.0:compile
[INFO] |  |     \- io.swagger.core.v3:swagger-core-jakarta:jar:2.2.22:compile
[INFO] |  |        +- org.apache.commons:commons-lang3:jar:3.17.0:compile
[INFO] |  |        +- io.swagger.core.v3:swagger-annotations-jakarta:jar:2.2.22:compile
[INFO] |  |        +- io.swagger.core.v3:swagger-models-jakarta:jar:2.2.22:compile
[INFO] |  |        \- com.fasterxml.jackson.dataformat:jackson-dataformat-yaml:jar:2.21.4:compile
[INFO] |  \- org.webjars:swagger-ui:jar:5.17.14:compile
[INFO] +- org.projectlombok:lombok:jar:1.18.46:compile (optional)
[INFO] \- org.springframework.boot:spring-boot-starter-test:jar:3.5.16:test
[INFO]    +- org.springframework.boot:spring-boot-test:jar:3.5.16:test
[INFO]    +- org.springframework.boot:spring-boot-test-autoconfigure:jar:3.5.16:test
[INFO]    +- com.jayway.jsonpath:json-path:jar:2.9.0:test
[INFO]    +- jakarta.xml.bind:jakarta.xml.bind-api:jar:4.0.5:compile
[INFO]    |  \- jakarta.activation:jakarta.activation-api:jar:2.1.4:compile
[INFO]    +- net.minidev:json-smart:jar:2.5.2:test
[INFO]    |  \- net.minidev:accessors-smart:jar:2.5.2:test
[INFO]    |     \- org.ow2.asm:asm:jar:9.7.1:test
[INFO]    +- org.assertj:assertj-core:jar:3.27.7:test
[INFO]    +- org.awaitility:awaitility:jar:4.2.2:test
[INFO]    +- org.hamcrest:hamcrest:jar:3.0:test
[INFO]    +- org.junit.jupiter:junit-jupiter:jar:5.12.2:test
[INFO]    |  +- org.junit.jupiter:junit-jupiter-api:jar:5.12.2:test
[INFO]    |  |  +- org.opentest4j:opentest4j:jar:1.3.0:test
[INFO]    |  |  +- org.junit.platform:junit-platform-commons:jar:1.12.2:test
[INFO]    |  |  \- org.apiguardian:apiguardian-api:jar:1.1.2:test
[INFO]    |  +- org.junit.jupiter:junit-jupiter-params:jar:5.12.2:test
[INFO]    |  \- org.junit.jupiter:junit-jupiter-engine:jar:5.12.2:test
[INFO]    |     \- org.junit.platform:junit-platform-engine:jar:1.12.2:test
[INFO]    +- org.mockito:mockito-core:jar:5.17.0:test
[INFO]    |  +- net.bytebuddy:byte-buddy-agent:jar:1.17.8:test
[INFO]    |  \- org.objenesis:objenesis:jar:3.3:test
[INFO]    +- org.mockito:mockito-junit-jupiter:jar:5.17.0:test
[INFO]    +- org.skyscreamer:jsonassert:jar:1.5.3:test
[INFO]    |  \- com.vaadin.external.google:android-json:jar:0.0.20131108.vaadin1:test
[INFO]    +- org.springframework:spring-core:jar:6.2.19:compile
[INFO]    |  \- org.springframework:spring-jcl:jar:6.2.19:compile
[INFO]    +- org.springframework:spring-test:jar:6.2.19:test
[INFO]    \- org.xmlunit:xmlunit-core:jar:2.10.4:test
[INFO] ------------------------------------------------------------------------
[INFO] BUILD SUCCESS
[INFO] ------------------------------------------------------------------------
[INFO] Total time:  3.342 s
[INFO] Finished at: 2026-06-27T21:37:44+08:00
[INFO] ------------------------------------------------------------------------
